// Jest Snapshot v1, https://goo.gl/fbAQLP

exports[`SourceIdentifier SourceIdentifier should match the snapshot 1`] = `[Function]`;
